// Jest Snapshot v1, https://goo.gl/fbAQLP

exports[`add snapshot for trip index page 1`] = `
<DocumentFragment>
  <div>
    <div
      style="height: 100%;"
    />
    <div
      class="container"
    >
      <div
        class="buttons"
      >
        <button
          class="button"
          data-testid="start-ride-button"
          name="Start ride"
          type="button"
        >
          Start ride
        </button>
        <button
          class="button"
          data-testid="book-ride-button"
          name="Book ride"
          type="button"
        >
          Book ride
        </button>
      </div>
      <section
        data-testid="trip-info"
      >
        <h2>
          Trip Information
        </h2>
        <p>
          Trip Duration: NaN seconds
        </p>
        <div
          class="wrapper"
        >
          <div
            class="info"
          >
            <div
              class="image"
            >
              <img
                alt="Robert"
                src="https://robohash.org/1234?size=50x50"
              />
            </div>
            <div
              class="car"
            >
              <img
                alt="car mode"
                src="./images/van.svg"
              />
            </div>
            <div>
              <p
                class="highlighted"
              >
                Herbert Patton
                <span
                  class="rate"
                >
                  <span
                    aria-label="rating"
                    role="img"
                  >
                    ‚≠êÔ∏è
                  </span>
                  5.0
                </span>
              </p>
              <p>
                Toyato HiAce - GA 2770
              </p>
            </div>
          </div>
          <div
            class="destination"
          >
            <span>
               New Cairo
            </span>
            <span>
               Nasr City
            </span>
          </div>
          <dl
            class="about"
          >
            <div>
              <dt>
                <span
                  aria-label="location"
                  role="img"
                >
                  üìç
                </span>
                Trip Distance:
              </dt>
              <dd>
                 KM
              </dd>
            </div>
            <div>
              <dt>
                <span
                  aria-label="fare"
                  role="img"
                >
                  üíµ
                </span>
                Trip Fare:
              </dt>
              <dd>
                45 EGP
              </dd>
            </div>
          </dl>
        </div>
      </section>
      <section>
        <h2>
          Bookings
        </h2>
        <ul
          class="list"
        />
      </section>
    </div>
  </div>
</DocumentFragment>
`;
